2026-05-04 09:24:23 - INFO - Starting extraction for 21663 rows...
2026-05-04 09:24:23 - INFO - Connecting to Excel COM...
2026-05-04 09:24:24 - INFO - Opening workbook: Master_Calculation_20260501.xlsm...
2026-05-04 09:24:25 - INFO - Target sheet identified: VOLARE EXTRACTION
2026-05-04 09:24:31 - ERROR - Master calculation failed.
2026-05-04 09:36:04 - INFO - Starting extraction for 21663 rows...
2026-05-04 09:36:04 - INFO - Connecting to Excel COM...
2026-05-04 09:36:05 - INFO - Opening workbook: Master_Calculation_20260501.xlsm...
2026-05-04 09:36:06 - INFO - Target sheet identified: VOLARE EXTRACTION
2026-05-04 09:36:09 - ERROR - Error during Excel operations: (-2147352567, 'Exception occurred.', (0, None, None, None, 0, -2146827284), None)
2026-05-04 09:36:09 - ERROR - Excel automation failed:
Traceback (most recent call last):
  File "C:\Users\SPM\.vscode\Python\Automation\pages\1_Daily_Prod.py", line 330, in process_template
    ws.Range(start_cell_obj, end_cell_obj).Formula = data_batch
    ^^^^^^^^^^^^^^^^^^^^^^^^^^^^^^^^^^^^^^^^^^^^^^
  File "C:\Users\SPM\AppData\Local\Programs\Python\Python314\Lib\site-packages\win32com\client\dynamic.py", line 677, in __setattr__
    self._oleobj_.Invoke(entry.dispid, 0, invoke_type, 0, value)
    ~~~~~~~~~~~~~~~~~~~~^^^^^^^^^^^^^^^^^^^^^^^^^^^^^^^^^^^^^^^^
pywintypes.com_error: (-2147352567, 'Exception occurred.', (0, None, None, None, 0, -2146827284), None)
2026-05-04 09:36:10 - ERROR - Master calculation failed.
2026-05-04 09:38:38 - INFO - Starting extraction for 21663 rows...
2026-05-04 09:38:38 - INFO - Connecting to Excel COM...
2026-05-04 09:38:39 - INFO - Opening workbook: Master_Calculation_20260501.xlsm...
2026-05-04 09:38:40 - INFO - Target sheet identified: VOLARE EXTRACTION
2026-05-04 09:38:41 - INFO - Pasting 21663 rows into Excel in chunks of 5000...
2026-05-04 09:38:44 - INFO - Chunk 1 (3 to 5002) pasted.
2026-05-04 09:38:47 - INFO - Chunk 2 (5003 to 10002) pasted.
2026-05-04 09:38:50 - INFO - Chunk 3 (10003 to 15002) pasted.
2026-05-04 09:38:53 - INFO - Chunk 4 (15003 to 20002) pasted.
2026-05-04 09:38:55 - INFO - Chunk 5 (20003 to 21665) pasted.
2026-05-04 09:38:55 - INFO - Finished pasting all 21663 rows.
2026-05-04 09:38:55 - INFO - Baking formulas into values (entire range)...
2026-05-04 09:38:56 - INFO - Step 1: Filtering excluded actions...
2026-05-04 09:38:56 - INFO - Step 2: Sanitizing PTP values...
2026-05-04 09:42:30 - INFO - Step 3: Cleaning reaction codes...
2026-05-04 09:45:48 - INFO - Step 4: Removing zero PTP amounts...
2026-05-04 09:45:48 - INFO - Step 5: Processing skiptrace flags...
2026-05-04 09:49:10 - INFO - Step 6: Mapping positive skiptrace remarks...
2026-05-04 09:49:14 - INFO - Step 7: Finalizing RFD categories...
2026-05-04 09:50:57 - INFO - Starting extraction for 21663 rows...
2026-05-04 09:51:47 - ERROR - Master calculation failed.
2026-05-04 09:52:21 - INFO - Step 9: Filtering N/A collectors...
2026-05-04 09:57:14 - INFO - Starting extraction for 21663 rows...
2026-05-04 09:57:15 - ERROR - Error during Excel operations: (-2147352567, 'Exception occurred.', (0, 'Microsoft Excel', 'Unable to set the Calculation property of the Application class', 'xlmain11.chm', 0, -2146827284), None)
2026-05-04 09:57:15 - ERROR - Excel automation failed:
Traceback (most recent call last):
  File "C:\Users\SPM\.vscode\Python\Automation\pages\1_Daily_Prod.py", line 352, in process_template
    excel.Calculation = -4135  # xlCalculationManual
    ^^^^^^^^^^^^^^^^^
  File "C:\Users\SPM\AppData\Local\Programs\Python\Python314\Lib\site-packages\win32com\client\dynamic.py", line 677, in __setattr__
    self._oleobj_.Invoke(entry.dispid, 0, invoke_type, 0, value)
    ~~~~~~~~~~~~~~~~~~~~^^^^^^^^^^^^^^^^^^^^^^^^^^^^^^^^^^^^^^^^
pywintypes.com_error: (-2147352567, 'Exception occurred.', (0, 'Microsoft Excel', 'Unable to set the Calculation property of the Application class', 'xlmain11.chm', 0, -2146827284), None)
2026-05-04 09:57:17 - ERROR - Master calculation failed.
2026-05-04 09:58:59 - INFO - Starting extraction for 21663 rows...
2026-05-04 09:59:01 - INFO - Pasting 21663 rows into Excel in chunks of 5000...
2026-05-04 09:59:04 - INFO - Chunk 1 (3 to 5002) pasted.
2026-05-04 09:59:07 - INFO - Chunk 2 (5003 to 10002) pasted.
2026-05-04 09:59:10 - INFO - Chunk 3 (10003 to 15002) pasted.
2026-05-04 09:59:13 - INFO - Chunk 4 (15003 to 20002) pasted.
2026-05-04 09:59:15 - INFO - Chunk 5 (20003 to 21665) pasted.
2026-05-04 09:59:15 - INFO - Finished pasting all 21663 rows.
2026-05-04 09:59:15 - INFO - Baking formulas into values (entire range)...
2026-05-04 10:07:56 - INFO - Starting Campaign Split...
